true
false
true
true
true
true
true
false
true
false

true
false
false
true

9 3 4 6 1 2 

4 6 3 2 1 9 

4 3 6 9 1 2 

-1
0
1

true
true
false
false

Depth of node with value 6: 2
Height of node with value 6: 0

Sum of values: 25
Minimum value: 1
Maximum value: 9
