true
true
true
true
true
true
true
true
true
true
true
true

false
false
true

1 2 4 8 9 5 10 11 3 6 13 12 

8 9 4 10 11 5 2 6 12 13 3 1 

8 4 9 2 10 5 11 1 6 3 13 12 

84
1
13

49
2
11

34
3
13

21
4
9

26
5
11

6
6
6

-1
-1
-1

8
8
8

9
9
9

10
10
10

11
11
11

12
12
12

25
12
13

