There is no node in the tree.

There is no node in the tree.

There is no node in the tree.

true
false
true
true
true
true
true
true
true
false
false
false

3 5 1 8 4 7 9 10 

8 4 1 5 9 10 7 3 

5 8 1 4 3 9 7 10 

0
-1
0
1
0
-1
0
1
1
1
-1

