true
true
true
true
true
true
true
true
true
true
true
true
true
true

4 8 16 1 7 2 3 9 10 6 11 12 13 5 

16 7 1 8 9 12 13 11 6 10 3 5 2 4 

16 8 7 1 4 9 3 6 12 11 13 10 2 5 

true
false
true
false
true
false
false

2
1

1
5

2
4

0
6

2
0

4
2

3
0

1
2

3
0

3
3

5
1

6
0

6
0

-1
-1

-1
-1

2
0

